// Jest Snapshot v1, https://goo.gl/fbAQLP

exports[`Pruebas ene le componente GifExpertApp debe de concordar con el snapshoot 1`] = `
<div>
  <h1>
    GifExpertApp
  </h1>
  <form
    aria-label="form"
  >
    <input
      placeholder="Buscar Gifs"
      type="text"
      value=""
    />
  </form>
  <ol>
    <div>
      <h3>
        One Punch
      </h3>
      <h2>
        Cargando imagenes....
      </h2>
      <div
        class="card-grid"
      />
    </div>
  </ol>
</div>
`;
